[mp3 @ 000000000489A980] Estimating duration from bitrate, this may be inaccurate
[mp3 @ 000000000489A400] Estimating duration from bitrate, this may be inaccurate
[mp3 @ 0000000004984480] Estimating duration from bitrate, this may be inaccurate
[mp3 @ 000000000491B600] Estimating duration from bitrate, this may be inaccurate
[mp3 @ 0000000051E99B40] Estimating duration from bitrate, this may be inaccurate
[mp3 @ 0000000051E9A640] Estimating duration from bitrate, this may be inaccurate
[mp3 @ 0000000051E9A640] Estimating duration from bitrate, this may be inaccurate
[mp3 @ 0000000051E99B40] Estimating duration from bitrate, this may be inaccurate
[mp3 @ 0000000051E9B140] Estimating duration from bitrate, this may be inaccurate
[mp3 @ 0000000051E9B140] Estimating duration from bitrate, this may be inaccurate
[mp3 @ 0000000051E9AE80] Estimating duration from bitrate, this may be inaccurate
[mp3 @ 0000000051E9AE80] Estimating duration from bitrate, this may be inaccurate
[mp3 @ 0000000051E9B6C0] Estimating duration from bitrate, this may be inaccurate
[mp3 @ 0000000051E9AE80] Estimating duration from bitrate, this may be inaccurate
[mp3 @ 0000000051E9A640] Estimating duration from bitrate, this may be inaccurate
[mp3 @ 0000000051E99E00] Estimating duration from bitrate, this may be inaccurate
[mp3 @ 0000000051E9A0C0] Estimating duration from bitrate, this may be inaccurate
[mp3 @ 0000000051E99B40] Estimating duration from bitrate, this may be inaccurate
[mp3 @ 0000000051E9B140] Estimating duration from bitrate, this may be inaccurate
[mp3 @ 0000000051E9AE80] Estimating duration from bitrate, this may be inaccurate
[mp3 @ 0000000051E9A640] Estimating duration from bitrate, this may be inaccurate
[mp3 @ 0000000051E99B40] Estimating duration from bitrate, this may be inaccurate
[mp3 @ 0000000004D0B4C0] Estimating duration from bitrate, this may be inaccurate
[mp3 @ 00000000021C16C0] Estimating duration from bitrate, this may be inaccurate
[mp3 @ 00000000021C00C0] Estimating duration from bitrate, this may be inaccurate
[mp3 @ 00000000021C00C0] Estimating duration from bitrate, this may be inaccurate
[mp3 @ 00000000021C16C0] Estimating duration from bitrate, this may be inaccurate
[mp3 @ 00000000021C0640] Estimating duration from bitrate, this may be inaccurate
[mp3 @ 00000000021C0640] Estimating duration from bitrate, this may be inaccurate
[mp3 @ 00000000021C1C40] Estimating duration from bitrate, this may be inaccurate
[mp3 @ 00000000021C1C40] Estimating duration from bitrate, this may be inaccurate
[mp3 @ 00000000021C0640] Estimating duration from bitrate, this may be inaccurate
[mp3float @ 0000000004CE3D00] Could not update timestamps for skipped samples.
[mp3float @ 0000000004CE3D00] Could not update timestamps for discarded samples.
[mp3float @ 0000000004CE3D00] Could not update timestamps for discarded samples.
[mp3 @ 000000005D7F6900] Estimating duration from bitrate, this may be inaccurate
[mp3 @ 000000005D7F9500] Estimating duration from bitrate, this may be inaccurate
[mp3 @ 000000005D7F8F80] Estimating duration from bitrate, this may be inaccurate
[mp3 @ 000000005D7F8480] Estimating duration from bitrate, this may be inaccurate
[mp3float @ 0000000004CE4F80] Could not update timestamps for skipped samples.
[mp3float @ 0000000004CE4F80] Could not update timestamps for discarded samples.
[mp3float @ 0000000004CE4800] Could not update timestamps for skipped samples.
[mp3float @ 0000000004CE4800] Could not update timestamps for discarded samples.
[mp3float @ 0000000004CE5300] Could not update timestamps for skipped samples.
[mp3float @ 0000000004CE5300] Could not update timestamps for discarded samples.
[mp3float @ 0000000004CE4800] Could not update timestamps for skipped samples.
[mp3float @ 0000000004CE4800] Could not update timestamps for discarded samples.
[mp3 @ 000000005D7F6380] Estimating duration from bitrate, this may be inaccurate
[mp3 @ 000000005D7F8480] Estimating duration from bitrate, this may be inaccurate
[mp3 @ 000000005D7F8A00] Estimating duration from bitrate, this may be inaccurate
[mp3 @ 000000005D7F7980] Estimating duration from bitrate, this may be inaccurate
[mp3 @ 0000000011169980] Estimating duration from bitrate, this may be inaccurate
[mp3float @ 0000000004CE4BC0] Could not update timestamps for skipped samples.
[mp3float @ 0000000004CE4BC0] Could not update timestamps for discarded samples.
[mp3float @ 0000000004CE4F80] Could not update timestamps for skipped samples.
[mp3float @ 0000000004CE4F80] Could not update timestamps for discarded samples.
[mp3 @ 0000000011169140] Estimating duration from bitrate, this may be inaccurate
[mp3 @ 0000000011167E00] Estimating duration from bitrate, this may be inaccurate
[mp3 @ 0000000011167880] Estimating duration from bitrate, this may be inaccurate
[mp3float @ 0000000004CE4800] Could not update timestamps for skipped samples.
[mp3float @ 0000000004CE4800] Could not update timestamps for discarded samples.
[mp3 @ 0000000011169F00] Estimating duration from bitrate, this may be inaccurate
[mp3 @ 0000000011168BC0] Estimating duration from bitrate, this may be inaccurate
[mp3 @ 0000000011166D80] Estimating duration from bitrate, this may be inaccurate
[mp3 @ 0000000011169400] Estimating duration from bitrate, this may be inaccurate
[mp3 @ 0000000011166540] Estimating duration from bitrate, this may be inaccurate
[mp3float @ 0000000004CE3D00] Could not update timestamps for skipped samples.
[mp3float @ 0000000004CE3D00] Could not update timestamps for discarded samples.
[mp3float @ 0000000004CE3D00] Could not update timestamps for skipped samples.
[mp3float @ 0000000004CE3D00] Could not update timestamps for discarded samples.
[mp3 @ 000000005D7E4580] Estimating duration from bitrate, this may be inaccurate
[mp3 @ 000000005D7E2CC0] Estimating duration from bitrate, this may be inaccurate
[mp3 @ 000000005D7E3500] Estimating duration from bitrate, this may be inaccurate
[mp3 @ 000000005D7E21C0] Estimating duration from bitrate, this may be inaccurate
[mp3 @ 000000005D7E3D40] Estimating duration from bitrate, this may be inaccurate
[mp3float @ 0000000004CE4F80] Could not update timestamps for skipped samples.
[mp3float @ 0000000004CE4F80] Could not update timestamps for discarded samples.
[mp3float @ 000000005D725680] Could not update timestamps for skipped samples.
[mp3float @ 000000005D725680] Could not update timestamps for discarded samples.
[mp3 @ 000000005D7E16C0] Estimating duration from bitrate, this may be inaccurate
[mp3 @ 000000005D7E37C0] Estimating duration from bitrate, this may be inaccurate
[mp3 @ 000000005D7E3240] Estimating duration from bitrate, this may be inaccurate
[mp3 @ 000000005D7E16C0] Estimating duration from bitrate, this may be inaccurate
[mp3 @ 000000005D7E4B00] Estimating duration from bitrate, this may be inaccurate
[mp3float @ 000000005D722680] Could not update timestamps for skipped samples.
[mp3float @ 000000005D722680] Could not update timestamps for discarded samples.
[mp3float @ 000000005D7247C0] Could not update timestamps for skipped samples.
[mp3float @ 000000005D7247C0] Could not update timestamps for discarded samples.
[mp3 @ 000000005D7E4580] Estimating duration from bitrate, this may be inaccurate
[mp3 @ 000000005D7E4840] Estimating duration from bitrate, this may be inaccurate
[mp3 @ 000000005D7E4B00] Estimating duration from bitrate, this may be inaccurate
[mp3 @ 000000005D7E3D40] Estimating duration from bitrate, this may be inaccurate
[mp3 @ 000000005D7E1400] Estimating duration from bitrate, this may be inaccurate
[mp3float @ 000000005D7231C0] Could not update timestamps for skipped samples.
[mp3float @ 000000005D7231C0] Could not update timestamps for discarded samples.
[mp3float @ 000000005D722300] Could not update timestamps for skipped samples.
[mp3float @ 000000005D722300] Could not update timestamps for discarded samples.
[mp3 @ 000000005D7E2480] Estimating duration from bitrate, this may be inaccurate
[mp3 @ 000000005D7E1400] Estimating duration from bitrate, this may be inaccurate
[mp3 @ 000000005D7E3500] Estimating duration from bitrate, this may be inaccurate
[mp3 @ 000000005D7E3500] Estimating duration from bitrate, this may be inaccurate
[mp3 @ 000000005D7E3500] Estimating duration from bitrate, this may be inaccurate
[mp3float @ 000000005D724400] Could not update timestamps for skipped samples.
[mp3float @ 000000005D724400] Could not update timestamps for discarded samples.
[mp3float @ 000000005D722680] Could not update timestamps for skipped samples.
[mp3float @ 000000005D722680] Could not update timestamps for discarded samples.
[mp3 @ 000000005D7E2740] Estimating duration from bitrate, this may be inaccurate
[mp3float @ 000000005D725680] Could not update timestamps for skipped samples.
[mp3float @ 000000005D725680] Could not update timestamps for discarded samples.
[mp3 @ 000000005D7E3D40] Estimating duration from bitrate, this may be inaccurate
[mp3 @ 000000005D7E4B00] Estimating duration from bitrate, this may be inaccurate
[mp3 @ 000000005D7E3D40] Estimating duration from bitrate, this may be inaccurate
[mp3 @ 000000005D7E3A80] Estimating duration from bitrate, this may be inaccurate
[mp3 @ 000000005D7E3A80] Estimating duration from bitrate, this may be inaccurate
[mp3float @ 000000005D725680] Could not update timestamps for skipped samples.
[mp3float @ 000000005D725680] Could not update timestamps for discarded samples.
[mp3 @ 0000000004678800] Estimating duration from bitrate, this may be inaccurate
[mp3float @ 0000000004AF4B40] Could not update timestamps for skipped samples.
[mp3float @ 0000000004AF4B40] Could not update timestamps for discarded samples.
[mp3 @ 0000000004678AC0] Estimating duration from bitrate, this may be inaccurate
[mp3 @ 00000000046795C0] Estimating duration from bitrate, this may be inaccurate
[mp3 @ 0000000004677A40] Estimating duration from bitrate, this may be inaccurate
[mp3 @ 0000000004678280] Estimating duration from bitrate, this may be inaccurate
[mp3 @ 0000000004678AC0] Estimating duration from bitrate, this may be inaccurate
[mp3float @ 0000000004AF87C0] Could not update timestamps for skipped samples.
[mp3float @ 0000000004AF87C0] Could not update timestamps for discarded samples.
[mp3float @ 0000000004CD09C0] Could not update timestamps for skipped samples.
[mp3float @ 0000000004CD09C0] Could not update timestamps for discarded samples.
[mp3 @ 0000000004678AC0] Estimating duration from bitrate, this may be inaccurate
[mp3 @ 0000000004678280] Estimating duration from bitrate, this may be inaccurate
[mp3 @ 0000000004678280] Estimating duration from bitrate, this may be inaccurate
[mp3 @ 00000000046795C0] Estimating duration from bitrate, this may be inaccurate
[mp3 @ 00000000046795C0] Estimating duration from bitrate, this may be inaccurate
[mp3float @ 0000000004CD09C0] Could not update timestamps for skipped samples.
[mp3float @ 0000000004CD09C0] Could not update timestamps for discarded samples.
[mp3float @ 0000000004BCCA40] Could not update timestamps for skipped samples.
[mp3float @ 0000000004BCCA40] Could not update timestamps for discarded samples.
[mp3 @ 0000000004678AC0] Estimating duration from bitrate, this may be inaccurate
[mp3 @ 0000000004677A40] Estimating duration from bitrate, this may be inaccurate
[mp3 @ 0000000004679300] Estimating duration from bitrate, this may be inaccurate
[mp3float @ 0000000004BCCA40] Could not update timestamps for skipped samples.
[mp3float @ 0000000004BCCA40] Could not update timestamps for discarded samples.
[mp3 @ 0000000004678280] Estimating duration from bitrate, this may be inaccurate
[mp3 @ 0000000004678280] Estimating duration from bitrate, this may be inaccurate
[mp3 @ 0000000004678800] Estimating duration from bitrate, this may be inaccurate
[mp3 @ 00000000021E5580] Estimating duration from bitrate, this may be inaccurate
[mp3 @ 0000000007868BC0] Estimating duration from bitrate, this may be inaccurate
[mp3 @ 000000000786BA80] Estimating duration from bitrate, this may be inaccurate
[mp3 @ 00000000078680C0] Estimating duration from bitrate, this may be inaccurate
[mp3 @ 000000000786B7C0] Estimating duration from bitrate, this may be inaccurate
[mp3 @ 0000000007869980] Estimating duration from bitrate, this may be inaccurate
[mp3 @ 0000000007868BC0] Estimating duration from bitrate, this may be inaccurate
[mp3 @ 0000000007868BC0] Estimating duration from bitrate, this may be inaccurate
[mp3 @ 00000000078680C0] Estimating duration from bitrate, this may be inaccurate
[mp3 @ 000000000786B240] Estimating duration from bitrate, this may be inaccurate
[mp3 @ 00000000078696C0] Estimating duration from bitrate, this may be inaccurate
[mp3float @ 0000000007505480] Could not update timestamps for skipped samples.
[mp3 @ 000000000786BD40] Estimating duration from bitrate, this may be inaccurate
[mp3float @ 0000000007866800] Could not update timestamps for skipped samples.
[mp3 @ 000000000786AF80] Estimating duration from bitrate, this may be inaccurate
[mp3 @ 0000000007868E80] Estimating duration from bitrate, this may be inaccurate
[mp3 @ 0000000007868900] Estimating duration from bitrate, this may be inaccurate
[mp3 @ 0000000007869140] Estimating duration from bitrate, this may be inaccurate
[mp3float @ 0000000007A69600] Could not update timestamps for skipped samples.
