[mp3 @ 000000000231A300] Estimating duration from bitrate, this may be inaccurate
[mp3float @ 0000000005CF82C0] Could not update timestamps for skipped samples.
[mp3float @ 0000000005CF82C0] Could not update timestamps for skipped samples.
[mp3float @ 0000000005CF82C0] Could not update timestamps for skipped samples.
[mp3float @ 0000000005CF82C0] Could not update timestamps for discarded samples.
[mp3float @ 00000000063608C0] Could not update timestamps for skipped samples.
[mp3float @ 00000000063608C0] Could not update timestamps for discarded samples.
[mp3float @ 0000000005CF82C0] Could not update timestamps for skipped samples.
[mp3float @ 0000000005CF82C0] Could not update timestamps for discarded samples.
[mp3float @ 00000000063608C0] Could not update timestamps for skipped samples.
[mp3float @ 00000000063608C0] Could not update timestamps for discarded samples.
[mp3 @ 0000000005DF1080] Estimating duration from bitrate, this may be inaccurate
[mp3float @ 0000000006AE78C0] Could not update timestamps for skipped samples.
[mp3float @ 0000000006AE78C0] Could not update timestamps for discarded samples.
[mp3float @ 0000000006AE78C0] Could not update timestamps for skipped samples.
[mp3float @ 0000000006AE78C0] Could not update timestamps for discarded samples.
[mp3 @ 00000000138D8100] Estimating duration from bitrate, this may be inaccurate
[mp3 @ 00000000138D6DC0] Estimating duration from bitrate, this may be inaccurate
[mp3 @ 00000000138D6B00] Estimating duration from bitrate, this may be inaccurate
[mp3 @ 00000000138D7600] Estimating duration from bitrate, this may be inaccurate
[mp3float @ 0000000006AE7140] Could not update timestamps for skipped samples.
[mp3float @ 0000000006AE6280] Could not update timestamps for skipped samples.
[mp3float @ 0000000006AE6280] Could not update timestamps for skipped samples.
[mp3float @ 0000000006AE6280] Could not update timestamps for discarded samples.
[mp3 @ 00000000138DA200] Estimating duration from bitrate, this may be inaccurate
[mp3 @ 00000000138D83C0] Estimating duration from bitrate, this may be inaccurate
[mp3 @ 00000000138D6B00] Estimating duration from bitrate, this may be inaccurate
[mp3 @ 00000000138D9180] Estimating duration from bitrate, this may be inaccurate
[mp3 @ 00000000138D99C0] Estimating duration from bitrate, this may be inaccurate
[mp3float @ 0000000006AE6280] Could not update timestamps for skipped samples.
[mp3float @ 0000000006AE6640] Could not update timestamps for skipped samples.
[mp3float @ 0000000006AE6640] Could not update timestamps for discarded samples.
[mp3float @ 0000000006AE6A00] Could not update timestamps for skipped samples.
[mp3float @ 0000000006AE6A00] Could not update timestamps for discarded samples.
[mp3float @ 0000000006AE6640] Could not update timestamps for skipped samples.
[mp3float @ 0000000006AE6280] Could not update timestamps for skipped samples.
[mp3float @ 0000000006AE6280] Could not update timestamps for discarded samples.
[mp3float @ 0000000006AE6A00] Could not update timestamps for skipped samples.
[mp3float @ 0000000006AE6640] Could not update timestamps for skipped samples.
[mp3float @ 0000000006AE6640] Could not update timestamps for discarded samples.
[mp3float @ 0000000006AE6280] Could not update timestamps for skipped samples.
[mp3float @ 0000000006AE6280] Could not update timestamps for discarded samples.
[mp3float @ 0000000006AE6640] Could not update timestamps for skipped samples.
[mp3float @ 0000000006AE6640] Could not update timestamps for discarded samples.
[mp3 @ 00000000138D99C0] Estimating duration from bitrate, this may be inaccurate
[mp3 @ 00000000138D8100] Estimating duration from bitrate, this may be inaccurate
[mp3 @ 00000000138D83C0] Estimating duration from bitrate, this may be inaccurate
[mp3 @ 00000000138D9700] Estimating duration from bitrate, this may be inaccurate
[mp3 @ 00000000138D6B00] Estimating duration from bitrate, this may be inaccurate
[mp3float @ 0000000006AE6A00] Could not update timestamps for skipped samples.
[mp3float @ 0000000006AE6A00] Could not update timestamps for discarded samples.
[mp3float @ 0000000006AE6D80] Could not update timestamps for skipped samples.
[mp3float @ 0000000006AE6D80] Could not update timestamps for discarded samples.
[mp3 @ 00000000138D9440] Estimating duration from bitrate, this may be inaccurate
[mp3 @ 00000000138D99C0] Estimating duration from bitrate, this may be inaccurate
[mp3 @ 00000000138D9180] Estimating duration from bitrate, this may be inaccurate
[mp3 @ 00000000138D9440] Estimating duration from bitrate, this may be inaccurate
[mp3float @ 0000000006AE6640] Could not update timestamps for skipped samples.
[mp3float @ 0000000006AE6640] Could not update timestamps for discarded samples.
[mp3 @ 00000000138D9180] Estimating duration from bitrate, this may be inaccurate
[mp3 @ 00000000138D6B00] Estimating duration from bitrate, this may be inaccurate
[mp3float @ 0000000006AE6A00] Could not update timestamps for skipped samples.
[mp3float @ 0000000006AE6A00] Could not update timestamps for discarded samples.
[mp3 @ 00000000138D9180] Estimating duration from bitrate, this may be inaccurate
[mp3float @ 0000000006AE6A00] Could not update timestamps for skipped samples.
[mp3float @ 0000000006AE6A00] Could not update timestamps for discarded samples.
[mp3float @ 0000000006AE6A00] Could not update timestamps for discarded samples.
[mp3 @ 00000000138D8100] Estimating duration from bitrate, this may be inaccurate
[mp3 @ 00000000138D9180] Estimating duration from bitrate, this may be inaccurate
[mp3 @ 00000000138D8100] Estimating duration from bitrate, this may be inaccurate
[mp3 @ 00000000138D9180] Estimating duration from bitrate, this may be inaccurate
[mp3 @ 00000000138D9180] Estimating duration from bitrate, this may be inaccurate
[mp3float @ 0000000006AE7500] Could not update timestamps for skipped samples.
[mp3float @ 0000000006AE7500] Could not update timestamps for discarded samples.
[mp3float @ 0000000006AE6A00] Could not update timestamps for skipped samples.
[mp3float @ 0000000006AE6A00] Could not update timestamps for discarded samples.
[mp3float @ 0000000006AE6280] Could not update timestamps for skipped samples.
[mp3float @ 0000000006AE6280] Could not update timestamps for discarded samples.
[mp3float @ 0000000006AE6640] Could not update timestamps for skipped samples.
[mp3float @ 0000000006AE6640] Could not update timestamps for discarded samples.
[mp3float @ 0000000006AE6640] Could not update timestamps for skipped samples.
[mp3float @ 0000000006AE6640] Could not update timestamps for discarded samples.
[mp3float @ 0000000006AE6640] Could not update timestamps for skipped samples.
[mp3float @ 0000000006AE6280] Could not update timestamps for skipped samples.
[mp3float @ 0000000006AE6280] Could not update timestamps for discarded samples.
[mp3 @ 00000000138D9440] Estimating duration from bitrate, this may be inaccurate
[mp3float @ 0000000006AE6A00] Could not update timestamps for skipped samples.
[mp3 @ 00000000138D6B00] Estimating duration from bitrate, this may be inaccurate
[mp3float @ 0000000006AE78C0] Could not update timestamps for skipped samples.
[mp3float @ 0000000006AE6280] Could not update timestamps for skipped samples.
[mp3float @ 0000000006AE6280] Could not update timestamps for skipped samples.
[mp3float @ 0000000006AE78C0] Could not update timestamps for skipped samples.
[mp3float @ 0000000006AE6640] Could not update timestamps for skipped samples.
[mp3float @ 0000000006AE6640] Could not update timestamps for discarded samples.
[mp3float @ 0000000006AE6A00] Could not update timestamps for skipped samples.
[mp3float @ 0000000006AE6A00] Could not update timestamps for discarded samples.
[mp3float @ 0000000006AE6D80] Could not update timestamps for skipped samples.
[mp3float @ 0000000006AE6D80] Could not update timestamps for discarded samples.
[mp3float @ 0000000006AE78C0] Could not update timestamps for skipped samples.
[mp3float @ 0000000006AE78C0] Could not update timestamps for discarded samples.
[mp3float @ 0000000006AE6280] Could not update timestamps for skipped samples.
[mp3float @ 0000000006AE6280] Could not update timestamps for discarded samples.
[mp3float @ 0000000006AE6640] Could not update timestamps for skipped samples.
[mp3float @ 0000000006AE6640] Could not update timestamps for discarded samples.
[mp3float @ 0000000006AE78C0] Could not update timestamps for skipped samples.
[mp3float @ 0000000006AE78C0] Could not update timestamps for discarded samples.
[mp3float @ 0000000006AE6640] Could not update timestamps for skipped samples.
[mp3float @ 0000000006AE6640] Could not update timestamps for discarded samples.
[mp3float @ 0000000006AE6D80] Could not update timestamps for skipped samples.
[mp3float @ 0000000006AE6D80] Could not update timestamps for discarded samples.
