[mp3 @ 00000000029D9040] Estimating duration from bitrate, this may be inaccurate
[mp3 @ 00000000029DE0C0] Estimating duration from bitrate, this may be inaccurate
[mp3 @ 00000000029DEBC0] Estimating duration from bitrate, this may be inaccurate
[mp3 @ 00000000029DE640] Estimating duration from bitrate, this may be inaccurate
[mp3 @ 00000000029DE0C0] Estimating duration from bitrate, this may be inaccurate
[mp3 @ 00000000029DE0C0] Estimating duration from bitrate, this may be inaccurate
[mp3 @ 000000005B3C7D40] Estimating duration from bitrate, this may be inaccurate
[mp3 @ 000000005B3C5980] Estimating duration from bitrate, this may be inaccurate
[mp3 @ 0000000001C308C0] Estimating duration from bitrate, this may be inaccurate
[mp3 @ 0000000001C30340] Estimating duration from bitrate, this may be inaccurate
[mp3 @ 0000000001C30340] Estimating duration from bitrate, this may be inaccurate
[mp3 @ 00000000047B2380] Estimating duration from bitrate, this may be inaccurate
[mp3 @ 0000000004748580] Estimating duration from bitrate, this may be inaccurate
[mp3 @ 0000000004747D40] Estimating duration from bitrate, this may be inaccurate
[mp3 @ 0000000004748580] Estimating duration from bitrate, this may be inaccurate
[mp3 @ 00000000047477C0] Estimating duration from bitrate, this may be inaccurate
[mp3 @ 00000000047482C0] Estimating duration from bitrate, this may be inaccurate
[mp3 @ 0000000004748000] Estimating duration from bitrate, this may be inaccurate
[mp3 @ 0000000004749080] Estimating duration from bitrate, this may be inaccurate
[mp3 @ 00000000047477C0] Estimating duration from bitrate, this may be inaccurate
[mp3 @ 0000000004749080] Estimating duration from bitrate, this may be inaccurate
[mp3 @ 00000000047477C0] Estimating duration from bitrate, this may be inaccurate
[mp3 @ 0000000004748840] Estimating duration from bitrate, this may be inaccurate
[mp3 @ 00000000047477C0] Estimating duration from bitrate, this may be inaccurate
[mp3 @ 0000000004748580] Estimating duration from bitrate, this may be inaccurate
[mp3 @ 0000000004747A80] Estimating duration from bitrate, this may be inaccurate
[mp3 @ 00000000047477C0] Estimating duration from bitrate, this may be inaccurate
[mp3 @ 00000000047482C0] Estimating duration from bitrate, this may be inaccurate
[mp3 @ 0000000004748B00] Estimating duration from bitrate, this may be inaccurate
[mp3 @ 0000000004749080] Estimating duration from bitrate, this may be inaccurate
[mp3 @ 00000000047482C0] Estimating duration from bitrate, this may be inaccurate
[mp3 @ 00000000047477C0] Estimating duration from bitrate, this may be inaccurate
[mp3 @ 0000000004748580] Estimating duration from bitrate, this may be inaccurate
[mp3 @ 0000000004748000] Estimating duration from bitrate, this may be inaccurate
[mp3 @ 00000000047477C0] Estimating duration from bitrate, this may be inaccurate
[mp3 @ 00000000047482C0] Estimating duration from bitrate, this may be inaccurate
[mp3 @ 0000000004787600] Estimating duration from bitrate, this may be inaccurate
